---
test: type suites/task-2/hof.uc
---
⟦not_end(l[1:10]){...}:[1:2]⟧ = (↑µt8.{h:int,t:↑t8}) -> int
⟦l[1:10]⟧ = ↑µt8.{h:int,t:↑t8}
⟦x[2:8]⟧ = int
⟦map(l[11:6],f[11:9]){...}:[11:2]⟧ = (↑µt8.{h:int,t:↑t8},(int) -> int) -> ↑t9
⟦l[11:6]⟧ = ↑µt8.{h:int,t:↑t8}
⟦f[11:9]⟧ = (int) -> int
⟦xs[12:8]⟧ = ↑µt8.{h:int,t:↑t8}
⟦g[12:11]⟧ = t10
⟦h[12:13]⟧ = int
⟦foo(x[26:6]){...}:[26:2]⟧ = (int) -> int
⟦x[26:6]⟧ = int
⟦main(){...}:[30:2]⟧ = () -> int
⟦h[31:8]⟧ = ↑µt8.{h:int,t:↑t8}
⟦t[31:10]⟧ = ↑µt8.{h:int,t:↑t8}
⟦n[31:12]⟧ = int
⟦z[31:14]⟧ = ↑t9

exit: 0
