---
test: type suites/task-2/pointers.uc
---
⟦f(x[1:3]){...}:[1:1]⟧ = (t1) -> ↑t1
⟦x[1:3]⟧ = t1
⟦g(y[5:4]){...}:[5:2]⟧ = (↑t2) -> t2
⟦y[5:4]⟧ = ↑t2

exit: 0
