---
test: run suites/task-1/04-invalid-number-of-args-1.uc
---
microc: At "suites/task-1/04-invalid-number-of-args-1.uc" (line 6, column 15): Expected 2 params for function f
CallStack (from HasCallStack):
  error, called at src/Interpreter/Interpret.hs:22:18 in apr-semestral-0.1.0.0-7AYOm87uI8G3bgmoKhgVM9:Interpreter.Interpret

exit: 1
