---
test: run suites/task-1/09-return-var.uc
---

exit: 42
