---
test: run suites/task-1/17-deref.uc
---

exit: 42
