---
test: run suites/task-1/18-deref-null.uc
---
microc: Error during interpretation.
At "suites/task-1/18-deref-null.uc" (line 3, column 13): Null-pointer dereference

exit: 1
