---
test: run suites/task-1/19-basic-pointer.uc
---

exit: 42
