---
test: run suites/task-1/22-uninitialized-1.uc
---
Analysis found some problems. Aborting run.
UninitIdentifier "In main, \"suites/task-1/22-uninitialized-1.uc\" (line 3, column 10): Accessing local x that is not initialized."

exit: 1
