---
test: run suites/task-1/29-indirect-field-assign.uc
---

exit: 42
