---
test: run suites/task-1/34-records-copy-1.uc
---
1
2

exit: 0
