---
test: run suites/task-1/37-while-1.uc
---

exit: 80
