---
test: run suites/task-1/err-doubledecl-1.uc
---
microc: Semantic issue found.
Duplicate identifier: In f: q is duplicate.

exit: 1
