---
test: run suites/task-1/err-doubledecl-3.uc
---
Analysis found some problems. Aborting run.
DuplicateIdentifier "In f: f is duplicate."
DuplicateIdentifier "In f: f is duplicate."

exit: 1
