---
test: run suites/task-1/err-cmpfunc-1.uc
---
microc: Error during interpretation.
At "suites/task-1/err-cmpfunc-1.uc" (line 12, column 9): Undefined operation Gt on <func f ("suites/task-1/err-cmpfunc-1.uc" (line 1, column 1))>, <func g ("suites/task-1/err-cmpfunc-1.uc" (line 3, column 2))>

exit: 1
