---
test: run suites/task-1/err-record-2.uc
---
microc: At "suites/task-1/err-record-2.uc" (line 6, column 22): Nonexistent field "c"
CallStack (from HasCallStack):
  error, called at src/Interpreter/Interpret.hs:22:18 in apr-semestral-0.1.0.0-67TXEg2A5vy1w4Ceq9PLWD:Interpreter.Interpret

exit: 1
