---
test: run suites/task-1/err-funass-1.uc
---
Analysis found some problems. Aborting run.
InvalidAssignment "In main, \"suites/task-1/err-funass-1.uc\" (line 1, column 9): Cannot assign into non-lvalue: EIdentifier \"suites/task-1/err-funass-1.uc\" (line 1, column 9) \"main\""

exit: 1
