---
test: run suites/task-1/fac-iter.uc
---
120

exit: 0
