---
test: run suites/task-1/fib-rec.uc
---
267914296

exit: 0
