---
test: run suites/task-1/record-1.uc
---
5

exit: 0
